14:39:30 **** Build of configuration Debug for project snowleosdr_rx ****
make all 
'Building file: ../src/snowleo_rx_main.c'
'Invoking: ARM Linux gcc compiler'
arm-xilinx-linux-gnueabi-gcc -DFNAME=memcpy_neon -Wall -O0 -g3 -c -fmessage-length=0 -MMD -MP -MF"src/snowleo_rx_main.d" -MT"src/snowleo_rx_main.d" -o "src/snowleo_rx_main.o" "../src/snowleo_rx_main.c"
'Finished building: ../src/snowleo_rx_main.c'
' '
'Building target: snowleosdr_rx.elf'
'Invoking: ARM Linux gcc linker'
arm-xilinx-linux-gnueabi-gcc -L"D:\my_work\Zing-project\SnowLeo_SDR_v14_7_rls2.0_int_7020_src\pldma.sdk\SDK\SDK_Export\snowleosdr\Release" -o "snowleosdr_rx.elf"  ./src/snowleo_rx_main.o   -lpthread -lsnowleosdr -lm
'Finished building target: snowleosdr_rx.elf'
' '
'Invoking: ARM Linux Print Size'
arm-xilinx-linux-gnueabi-size snowleosdr_rx.elf  |tee "snowleosdr_rx.elf.size"
   text	   data	    bss	    dec	    hex	filename
   9124	    456	  16552	  26132	   6614	snowleosdr_rx.elf
'Finished building: snowleosdr_rx.elf.size'
' '

14:39:30 Build Finished (took 706ms)

